// 重构日志: 187475f6
// 重构日志: 78feaa36
// 同步 ID: 92fd0743 @ Sat Jul 18 02:46:48 UTC 2026
// 重构日志: b76276e8
// 重构日志: 900b358c
// 重构日志: 03fa3817
// 重构日志: 6dc5f05f
// 重构日志: 23aeb33f
// 重构日志: a014be0c
// 同步 ID: c453dd95 @ Fri Jul 24 09:01:50 UTC 2026
// 同步 ID: d112d070 @ Fri Jul 24 11:29:37 UTC 2026
// 重构日志: 4112d288
// 重构日志: 96c71bf2
// 重构日志: c251c1ae
// 重构日志: bc933db9
// 重构日志: 7c7a53bd
// 重构日志: 9df45a55
// 同步 ID: d09f4a90 @ Mon Jul 27 06:24:41 UTC 2026
// 同步 ID: a8789aa4 @ Tue Jul 28 10:14:05 UTC 2026
// 重构日志: f284d875
// 重构日志: bf3f8e99
// 重构日志: 351e6dd4
// 同步 ID: c5fbdb51 @ Wed Jul 29 17:32:03 UTC 2026
// 重构日志: 83d7788c
// 重构日志: ef5d138d
// 重构日志: 01123204
// 重构日志: fe2f0704
// 重构日志: 4f651fff
// 同步 ID: 53f8530b @ Thu Jul 30 23:31:09 UTC 2026
// 同步 ID: e0022da1 @ Fri Jul 31 12:31:56 UTC 2026
// 重构日志: 17486af2
